Content-Length: 56

{"jsonrpc":"2.0","method":"notification","params":[1,2]}